---
source: clash/src/tui/render.rs
expression: output
---
 clash tui  user [modified]  16/27                                       ? help 
│ ▼ "rm"                                                                       │
│   ▼ "-┌ Review Changes ──────────────────────────────────────────────┐       │
│     ▼ │  user policy: /tmp/test                                      │       │
│       │    (policy "main"                                            │       │
│       │      (allow (exec "git" *))                                  │       │
│ ▼ "sud│      (deny (exec "rm" "-rf" *))                              │       │
│   ▼ * │      (ask (exec "sudo" *))                                   │       │
│     ▼ │      (allow (fs read (subpath (env PWD))))                   │       │
│       │      (deny (net "evil.com"))                                 │       │
│ ▼ "car│      (ask (tool "Bash"))                                     │       │
│   ▼ Ex│  +   (allow (exec "cargo"))                                  │       │
│       │    )                                                         │       │
│ ▼ *   │                                                              │       │
│ │ ▼ su│                                                              │       │
│ │   ▼ │                                                              │       │
│ │     │                                                              │       │
│ │     │                                                              │       │
│ │ ▼ "e│                                                              │       │
│ │   ▼ │                                                              │       │
│ │     │                                                              │       │
│   ▼ "B│                                                              │       │
│     ▼ │                                                              │       │
│       │                                                              │       │
┌───────│                                                              │───────┐
│AUTO AL│                                                              │       │
│Source:│  Save? y confirm  n/Esc cancel  j/k scroll  g/G top/bottom   │       │
│ID: 841└──────────────────────────────────────────────────────────────┘       │
│Rule: (allow (exec "cargo")                                                   │
j/k move  Tab effect  e edit  E edit rule  x delete  [/] all  a add  / search  w
