---
source: clash/tests/cli_help_snapshots.rs
assertion_line: 58
expression: "get_subcommand_help(\"trace\")"
---
View and export session traces

Usage: trace <COMMAND>

Commands:
  export  Export the toolpath trace as a JSON document
  help    Print this message or the help of the given subcommand(s)

Options:
  -h, --help  Print help
